2025-10-03 11:43:53,518 - Knowledge - INFO - Redis support added with prefix knowledge:b64998p:
2025-10-03 11:43:53,756 - Knowledge - INFO - load persisted knowledge: begin
2025-10-03 11:43:53,848 - Knowledge - INFO - load persisted knowledge: end
2025-10-03 11:43:53,956 - Knowledge - INFO - load persisted docinfo: begin
2025-10-03 11:43:54,066 - Knowledge - INFO - load persisted docinfo: end
2025-10-03 11:43:54,164 - Knowledge - INFO - worker kw1 created with dedicated MongoDB connection (total: 1)
2025-10-03 11:43:54,282 - Knowledge - INFO - knowledge worker kw1 start
2025-10-03 11:43:54,401 - Knowledge - INFO - worker kw1 pull /app/data/T0015/144880/b64998p/Existing_Codebase_Integration_Testing-144880/README.md from ingest queue
2025-10-03 11:43:54,545 - Knowledge - INFO - process ingested knowledge for /app/data/T0015/144880/b64998p/Existing_Codebase_Integration_Testing-144880/README.md
2025-10-03 11:43:54,664 - Knowledge - INFO - Found code-base-name: https://github.com/kavia-common/Existing_Codebase_Integration_Testing-144880.git:kavia-main
2025-10-03 11:43:54,746 - Knowledge - INFO - Found code_base: <app.utils.kg_build.knowledge.KnowledgeCodeBase object at 0x7f7430d0ad90>
2025-10-03 11:43:54,841 - Knowledge - INFO - persist ingested knowledge for /app/data/T0015/144880/b64998p/Existing_Codebase_Integration_Testing-144880/README.md
2025-10-03 11:43:54,988 - Knowledge - INFO - adding /app/data/T0015/144880/b64998p/Existing_Codebase_Integration_Testing-144880/README.md to ingest queue
2025-10-03 11:43:55,069 - Knowledge - INFO - worker kw1 pull /app/data/T0015/144880/b64998p/Existing_Codebase_Integration_Testing-144880/README.md from ingest queue
2025-10-03 11:43:55,181 - Knowledge - INFO - Thread kw1 - File README.md - Remaining files in queue: 0
2025-10-03 11:43:55,308 - Knowledge - INFO - start ingest for /app/data/T0015/144880/b64998p/Existing_Codebase_Integration_Testing-144880/README.md
2025-10-03 11:43:55,406 - Knowledge - INFO - Fast-track processing for simple file: /app/data/T0015/144880/b64998p/Existing_Codebase_Integration_Testing-144880/README.md
2025-10-03 11:43:55,521 - Knowledge - INFO - done fast ingest for /app/data/T0015/144880/b64998p/Existing_Codebase_Integration_Testing-144880/README.md
2025-10-03 11:43:55,612 - Knowledge - INFO - process ingested knowledge for /app/data/T0015/144880/b64998p/Existing_Codebase_Integration_Testing-144880/README.md
2025-10-03 11:43:55,705 - Knowledge - INFO - Found code-base-name: https://github.com/kavia-common/Existing_Codebase_Integration_Testing-144880.git:kavia-main
2025-10-03 11:43:55,784 - Knowledge - INFO - Found code_base: <app.utils.kg_build.knowledge.KnowledgeCodeBase object at 0x7f7430d0ad90>
2025-10-03 11:43:55,867 - Knowledge - INFO - persist ingested knowledge for /app/data/T0015/144880/b64998p/Existing_Codebase_Integration_Testing-144880/README.md
2025-10-03 11:43:56,016 - Knowledge - INFO - Knowledge creation complete
2025-10-03 11:43:56,098 - Knowledge - INFO - Updating org costs, total cost: 0
2025-10-03 11:43:57,306 - Knowledge - INFO - Saving knowledge to Redis...
2025-10-03 11:43:57,399 - Knowledge - INFO - Knowledge saved to Redis successfully
